  code_review.prompt.rtpl [gemma3:12b] run 1/3: ok
  code_review.prompt.rtpl [gemma3:12b] run 2/3: FAILED
  code_review.prompt.rtpl [gemma3:12b] run 3/3: FAILED
  code_review.prompt.rtpl [gemma3:12b]: <2 successful runs, skipping
  content_moderation.prompt.rtpl [gemma3:12b] run 1/3: ok
  content_moderation.prompt.rtpl [gemma3:12b] run 2/3: ok
  content_moderation.prompt.rtpl [gemma3:12b] run 3/3: ok
== content_moderation.prompt.rtpl [gemma3:12b]: jaccard=1.0 id_stability=1.0
  customer_support.prompt.rtpl [gemma3:12b] run 1/3: ok
  customer_support.prompt.rtpl [gemma3:12b] run 2/3: ok
  customer_support.prompt.rtpl [gemma3:12b] run 3/3: FAILED
== customer_support.prompt.rtpl [gemma3:12b]: jaccard=1.0 id_stability=1.0
  gen_000_triage_support_tickets.prompt.rtpl [gemma3:12b] run 1/3: ok
  gen_000_triage_support_tickets.prompt.rtpl [gemma3:12b] run 2/3: ok
  gen_000_triage_support_tickets.prompt.rtpl [gemma3:12b] run 3/3: ok
== gen_000_triage_support_tickets.prompt.rtpl [gemma3:12b]: jaccard=1.0 id_stability=1.0
  gen_001_review_sql_migrations.prompt.rtpl [gemma3:12b] run 1/3: FAILED
  gen_001_review_sql_migrations.prompt.rtpl [gemma3:12b] run 2/3: ok
  gen_001_review_sql_migrations.prompt.rtpl [gemma3:12b] run 3/3: ok
== gen_001_review_sql_migrations.prompt.rtpl [gemma3:12b]: jaccard=1.0 id_stability=1.0
  gen_002_moderate_forum_posts.prompt.rtpl [gemma3:12b] run 1/3: FAILED
  gen_002_moderate_forum_posts.prompt.rtpl [gemma3:12b] run 2/3: FAILED
  gen_002_moderate_forum_posts.prompt.rtpl [gemma3:12b] run 3/3: FAILED
  gen_002_moderate_forum_posts.prompt.rtpl [gemma3:12b]: <2 successful runs, skipping
  gen_003_summarize_legal_contracts.prompt.rtpl [gemma3:12b] run 1/3: ok
  gen_003_summarize_legal_contracts.prompt.rtpl [gemma3:12b] run 2/3: ok
  gen_003_summarize_legal_contracts.prompt.rtpl [gemma3:12b] run 3/3: ok
== gen_003_summarize_legal_contracts.prompt.rtpl [gemma3:12b]: jaccard=0.897 id_stability=0.846
  gen_004_answer_medical_faqs_with_disclaimers.prompt.rtpl [gemma3:12b] run 1/3: FAILED
  gen_004_answer_medical_faqs_with_disclaimers.prompt.rtpl [gemma3:12b] run 2/3: ok
  gen_004_answer_medical_faqs_with_disclaimers.prompt.rtpl [gemma3:12b] run 3/3: FAILED
  gen_004_answer_medical_faqs_with_disclaimers.prompt.rtpl [gemma3:12b]: <2 successful runs, skipping
  gen_005_grade_student_essays.prompt.rtpl [gemma3:12b] run 1/3: ok
  gen_005_grade_student_essays.prompt.rtpl [gemma3:12b] run 2/3: ok
  gen_005_grade_student_essays.prompt.rtpl [gemma3:12b] run 3/3: ok
== gen_005_grade_student_essays.prompt.rtpl [gemma3:12b]: jaccard=0.722 id_stability=0.583
  gen_006_route_sales_leads.prompt.rtpl [gemma3:12b] run 1/3: ok
  gen_006_route_sales_leads.prompt.rtpl [gemma3:12b] run 2/3: ok
  gen_006_route_sales_leads.prompt.rtpl [gemma3:12b] run 3/3: ok
== gen_006_route_sales_leads.prompt.rtpl [gemma3:12b]: jaccard=1.0 id_stability=1.0
  gen_007_generate_release_notes.prompt.rtpl [gemma3:12b] run 1/3: FAILED
  gen_007_generate_release_notes.prompt.rtpl [gemma3:12b] run 2/3: FAILED
  gen_007_generate_release_notes.prompt.rtpl [gemma3:12b] run 3/3: FAILED
  gen_007_generate_release_notes.prompt.rtpl [gemma3:12b]: <2 successful runs, skipping
  gen_008_screen_job_applications.prompt.rtpl [gemma3:12b] run 1/3: ok
  gen_008_screen_job_applications.prompt.rtpl [gemma3:12b] run 2/3: ok
  gen_008_screen_job_applications.prompt.rtpl [gemma3:12b] run 3/3: ok
== gen_008_screen_job_applications.prompt.rtpl [gemma3:12b]: jaccard=1.0 id_stability=1.0
  gen_009_translate_with_tone_control.prompt.rtpl [gemma3:12b] run 1/3: ok
  gen_009_translate_with_tone_control.prompt.rtpl [gemma3:12b] run 2/3: FAILED
  gen_009_translate_with_tone_control.prompt.rtpl [gemma3:12b] run 3/3: ok
== gen_009_translate_with_tone_control.prompt.rtpl [gemma3:12b]: jaccard=1.0 id_stability=1.0
  gen_010_classify_incoming_emails.prompt.rtpl [gemma3:12b] run 1/3: FAILED
  gen_010_classify_incoming_emails.prompt.rtpl [gemma3:12b] run 2/3: FAILED
  gen_010_classify_incoming_emails.prompt.rtpl [gemma3:12b] run 3/3: FAILED
  gen_010_classify_incoming_emails.prompt.rtpl [gemma3:12b]: <2 successful runs, skipping
  gen_011_draft_incident_postmortems.prompt.rtpl [gemma3:12b] run 1/3: FAILED
  gen_011_draft_incident_postmortems.prompt.rtpl [gemma3:12b] run 2/3: FAILED
  gen_011_draft_incident_postmortems.prompt.rtpl [gemma3:12b] run 3/3: FAILED
  gen_011_draft_incident_postmortems.prompt.rtpl [gemma3:12b]: <2 successful runs, skipping
  gen_012_review_pull_requests.prompt.rtpl [gemma3:12b] run 1/3: FAILED
  gen_012_review_pull_requests.prompt.rtpl [gemma3:12b] run 2/3: FAILED
  gen_012_review_pull_requests.prompt.rtpl [gemma3:12b] run 3/3: FAILED
  gen_012_review_pull_requests.prompt.rtpl [gemma3:12b]: <2 successful runs, skipping
  gen_013_recommend_products.prompt.rtpl [gemma3:12b] run 1/3: FAILED
  gen_013_recommend_products.prompt.rtpl [gemma3:12b] run 2/3: ok
  gen_013_recommend_products.prompt.rtpl [gemma3:12b] run 3/3: ok
== gen_013_recommend_products.prompt.rtpl [gemma3:12b]: jaccard=0.846 id_stability=0.846
  gen_014_extract_invoice_fields.prompt.rtpl [gemma3:12b] run 1/3: ok
  gen_014_extract_invoice_fields.prompt.rtpl [gemma3:12b] run 2/3: ok
  gen_014_extract_invoice_fields.prompt.rtpl [gemma3:12b] run 3/3: ok
== gen_014_extract_invoice_fields.prompt.rtpl [gemma3:12b]: jaccard=1.0 id_stability=1.0
  gen_015_detect_spam_comments.prompt.rtpl [gemma3:12b] run 1/3: ok
  gen_015_detect_spam_comments.prompt.rtpl [gemma3:12b] run 2/3: ok
  gen_015_detect_spam_comments.prompt.rtpl [gemma3:12b] run 3/3: ok
== gen_015_detect_spam_comments.prompt.rtpl [gemma3:12b]: jaccard=1.0 id_stability=1.0
  gen_016_answer_hr_policy_questions.prompt.rtpl [gemma3:12b] run 1/3: FAILED
  gen_016_answer_hr_policy_questions.prompt.rtpl [gemma3:12b] run 2/3: FAILED
  gen_016_answer_hr_policy_questions.prompt.rtpl [gemma3:12b] run 3/3: FAILED
  gen_016_answer_hr_policy_questions.prompt.rtpl [gemma3:12b]: <2 successful runs, skipping

Wrote 12 rows to results/ir_stability_paid_tierC.csv
Corpus mean: jaccard=0.955  id_stability=0.940
(1.0 = perfectly reproducible structure; lower = inference drift)
